 JOGO_versao1

 Timestamp is 5c02f79e (Sat Dec 01 19:05:34 2018)

 Preferred load address is 00400000

 Start         Length     Name                   Class
 0001:00000000 00002438H .text                   CODE
 0001:00002440 00001580H .text$mn                CODE
 0002:00000000 00000143H .rdata                  DATA
 0002:00000143 00000000H .edata                  DATA
 0002:00000144 00000178H .rdata$debug            DATA
 0003:00000000 0000376aH .data                   DATA
 0003:00003770 00000275H .bss                    DATA
 0004:00000000 000000dcH .idata$5                DATA
 0004:000000dc 00000028H .idata$2                DATA
 0004:00000104 00000014H .idata$3                DATA
 0004:00000118 000000dcH .idata$4                DATA
 0004:000001f4 0000035aH .idata$6                DATA

  Address         Publics by Value              Rva+Base       Lib:Object

 0000:00000000       ___safe_se_handler_count   00000000     <absolute>
 0000:00000000       ___guard_fids_count        00000000     <absolute>
 0000:00000000       ___guard_fids_table        00000000     <absolute>
 0000:00000000       ___guard_flags             00000000     <absolute>
 0000:00000000       ___safe_se_handler_table   00000000     <absolute>
 0001:000000a0       _CloseFile@0               004010a0 f   Irvine32:Irvine32.obj
 0001:000000a7       _Clrscr@0                  004010a7 f   Irvine32:Irvine32.obj
 0001:0000016c       _CreateOutputFile@0        0040116c f   Irvine32:Irvine32.obj
 0001:00000185       _Crlf@0                    00401185 f   Irvine32:Irvine32.obj
 0001:000001a0       _Delay@0                   004011a0 f   Irvine32:Irvine32.obj
 0001:000001a9       _DumpMem@0                 004011a9 f   Irvine32:Irvine32.obj
 0001:00000264       _DumpRegs@0                00401264 f   Irvine32:Irvine32.obj
 0001:0000045f       _GetCommandTail@0          0040145f f   Irvine32:Irvine32.obj
 0001:0000049c       _GetDateTime@4             0040149c f   Irvine32:Irvine32.obj
 0001:000004ce       _GetMaxXY@0                004014ce f   Irvine32:Irvine32.obj
 0001:000004fd       _GetMseconds@0             004014fd f   Irvine32:Irvine32.obj
 0001:0000055a       _GetTextColor@0            0040155a f   Irvine32:Irvine32.obj
 0001:00000585       _Gotoxy@0                  00401585 f   Irvine32:Irvine32.obj
 0001:000005dd       _IsDigit@0                 004015dd f   Irvine32:Irvine32.obj
 0001:000005ea       _MsgBox@0                  004015ea f   Irvine32:Irvine32.obj
 0001:00000601       _MsgBoxAsk@0               00401601 f   Irvine32:Irvine32.obj
 0001:00000620       _OpenInputFile@0           00401620 f   Irvine32:Irvine32.obj
 0001:00000639       _ParseDecimal32@0          00401639 f   Irvine32:Irvine32.obj
 0001:0000069b       _ParseInteger32@0          0040169b f   Irvine32:Irvine32.obj
 0001:00000756       _Random32@0                00401756 f   Irvine32:Irvine32.obj
 0001:00000771       _RandomRange@0             00401771 f   Irvine32:Irvine32.obj
 0001:00000786       _Randomize@0               00401786 f   Irvine32:Irvine32.obj
 0001:0000079f       _ReadChar@0                0040179f f   Irvine32:Irvine32.obj
 0001:000007b5       _ReadDec@0                 004017b5 f   Irvine32:Irvine32.obj
 0001:000007d0       _ReadFromFile@0            004017d0 f   Irvine32:Irvine32.obj
 0001:000007f3       _ReadHex@0                 004017f3 f   Irvine32:Irvine32.obj
 0001:00000874       _ReadInt@0                 00401874 f   Irvine32:Irvine32.obj
 0001:0000088f       _ReadKey@0                 0040188f f   Irvine32:Irvine32.obj
 0001:000009aa       _ReadKeyFlush@0            004019aa f   Irvine32:Irvine32.obj
 0001:00000a78       _ReadString@0              00401a78 f   Irvine32:Irvine32.obj
 0001:00000b31       _SetTextColor@0            00401b31 f   Irvine32:Irvine32.obj
 0001:00000b52       _StrLength@0               00401b52 f   Irvine32:Irvine32.obj
 0001:00000b63       _Str_compare@8             00401b63 f   Irvine32:Irvine32.obj
 0001:00000b8d       _Str_copy@8                00401b8d f   Irvine32:Irvine32.obj
 0001:00000bb0       _Str_length@4              00401bb0 f   Irvine32:Irvine32.obj
 0001:00000bca       _Str_trim@8                00401bca f   Irvine32:Irvine32.obj
 0001:00000bf8       _Str_ucase@4               00401bf8 f   Irvine32:Irvine32.obj
 0001:00000c1a       _WaitMsg@0                 00401c1a f   Irvine32:Irvine32.obj
 0001:00000c2c       _WriteBin@0                00401c2c f   Irvine32:Irvine32.obj
 0001:00000c39       _WriteBinB@0               00401c39 f   Irvine32:Irvine32.obj
 0001:00000c8c       _WriteChar@0               00401c8c f   Irvine32:Irvine32.obj
 0001:00000cbe       _WriteDec@0                00401cbe f   Irvine32:Irvine32.obj
 0001:00000cff       _WriteHex@0                00401cff f   Irvine32:Irvine32.obj
 0001:00000d0c       _WriteHexB@0               00401d0c f   Irvine32:Irvine32.obj
 0001:00000d9e       _WriteInt@0                00401d9e f   Irvine32:Irvine32.obj
 0001:00000dff       _WriteStackFrameName@16    00401dff f   Irvine32:Irvine32.obj
 0001:00000f7f       _WriteStackFrame@12        00401f7f f   Irvine32:Irvine32.obj
 0001:00000f99       _WriteString@0             00401f99 f   Irvine32:Irvine32.obj
 0001:00000fc5       _WriteToFile@0             00401fc5 f   Irvine32:Irvine32.obj
 0001:00000fda       _WriteWindowsMsg@0         00401fda f   Irvine32:Irvine32.obj
 0001:000028ee       _ExitProcess@4             004038ee f   Kernel32:KERNEL32.dll
 0001:000028f4       _SetFilePointer@16         004038f4 f   Kernel32:KERNEL32.dll
 0001:000028fa       _CloseHandle@4             004038fa f   Kernel32:KERNEL32.dll
 0001:00002900       _CreateFileA@28            00403900 f   Kernel32:KERNEL32.dll
 0001:00002906       _FormatMessageA@28         00403906 f   Kernel32:KERNEL32.dll
 0001:0000290c       _FlushConsoleInputBuffer@4 0040390c f   Kernel32:KERNEL32.dll
 0001:00002912       _GetCommandLineA@0         00403912 f   Kernel32:KERNEL32.dll
 0001:00002918       _GetConsoleMode@8          00403918 f   Kernel32:KERNEL32.dll
 0001:0000291e       _GetConsoleScreenBufferInfo@8 0040391e f   Kernel32:KERNEL32.dll
 0001:00002924       _GetLastError@0            00403924 f   Kernel32:KERNEL32.dll
 0001:0000292a       _GetLocalTime@4            0040392a f   Kernel32:KERNEL32.dll
 0001:00002930       _GetStdHandle@4            00403930 f   Kernel32:KERNEL32.dll
 0001:00002936       _GetSystemTime@4           00403936 f   Kernel32:KERNEL32.dll
 0001:0000293c       _LocalFree@4               0040393c f   Kernel32:KERNEL32.dll
 0001:00002942       _PeekConsoleInputA@16      00403942 f   Kernel32:KERNEL32.dll
 0001:00002948       _ReadConsoleA@20           00403948 f   Kernel32:KERNEL32.dll
 0001:0000294e       _ReadConsoleInputA@16      0040394e f   Kernel32:KERNEL32.dll
 0001:00002954       _ReadFile@20               00403954 f   Kernel32:KERNEL32.dll
 0001:0000295a       _SetConsoleCursorPosition@8 0040395a f   Kernel32:KERNEL32.dll
 0001:00002960       _SetConsoleMode@8          00403960 f   Kernel32:KERNEL32.dll
 0001:00002966       _SetConsoleTextAttribute@8 00403966 f   Kernel32:KERNEL32.dll
 0001:0000296c       _Sleep@4                   0040396c f   Kernel32:KERNEL32.dll
 0001:00002972       _SystemTimeToFileTime@8    00403972 f   Kernel32:KERNEL32.dll
 0001:00002978       _WriteConsoleA@20          00403978 f   Kernel32:KERNEL32.dll
 0001:0000297e       _WriteConsoleOutputCharacterA@20 0040397e f   Kernel32:KERNEL32.dll
 0001:00002984       _WriteConsoleOutputAttribute@20 00403984 f   Kernel32:KERNEL32.dll
 0001:0000298a       _WriteFile@20              0040398a f   Kernel32:KERNEL32.dll
 0001:00002990       _MessageBoxA@16            00403990 f   User32:USER32.dll
 0001:000029a0       _ClearForNewWord@0         004039a0 f   JOGO_versao1.obj
 0001:000029cf       _SetInfoLevels@0           004039cf f   JOGO_versao1.obj
 0001:00002ade       _GetRandomNumber@0         00403ade f   JOGO_versao1.obj
 0001:00002b37       _GetWord@0                 00403b37 f   JOGO_versao1.obj
 0001:00002bba       _GetRandomScreenPosition@0 00403bba f   JOGO_versao1.obj
 0001:00002c04       _PrintInfoPlayer@0         00403c04 f   JOGO_versao1.obj
 0001:00002c62       _PrintWordLine@0           00403c62 f   JOGO_versao1.obj
 0001:00002cbd       _PrintWordMoving@0         00403cbd f   JOGO_versao1.obj
 0001:00002d27       _ReadKeyboard@0            00403d27 f   JOGO_versao1.obj
 0001:00002d3d       _AddScore@0                00403d3d f   JOGO_versao1.obj
 0001:00002d69       _VerifyLetter@0            00403d69 f   JOGO_versao1.obj
 0001:00002db4       _PrintResultWord@0         00403db4 f   JOGO_versao1.obj
 0001:00002e6a       _PrintGameLevel@0          00403e6a f   JOGO_versao1.obj
 0001:00002f48       _Game@0                    00403f48 f   JOGO_versao1.obj
 0001:00002fa6       _main@0                    00403fa6 f   JOGO_versao1.obj
 0004:00000000       __imp__ExitProcess@4       0040a000     Kernel32:KERNEL32.dll
 0004:00000004       __imp__SetFilePointer@16   0040a004     Kernel32:KERNEL32.dll
 0004:00000008       __imp__CloseHandle@4       0040a008     Kernel32:KERNEL32.dll
 0004:0000000c       __imp__CreateFileA@28      0040a00c     Kernel32:KERNEL32.dll
 0004:00000010       __imp__FormatMessageA@28   0040a010     Kernel32:KERNEL32.dll
 0004:00000014       __imp__FlushConsoleInputBuffer@4 0040a014     Kernel32:KERNEL32.dll
 0004:00000018       __imp__GetCommandLineA@0   0040a018     Kernel32:KERNEL32.dll
 0004:0000001c       __imp__GetConsoleMode@8    0040a01c     Kernel32:KERNEL32.dll
 0004:00000020       __imp__GetConsoleScreenBufferInfo@8 0040a020     Kernel32:KERNEL32.dll
 0004:00000024       __imp__GetLastError@0      0040a024     Kernel32:KERNEL32.dll
 0004:00000028       __imp__GetLocalTime@4      0040a028     Kernel32:KERNEL32.dll
 0004:0000002c       __imp__GetStdHandle@4      0040a02c     Kernel32:KERNEL32.dll
 0004:00000030       __imp__GetSystemTime@4     0040a030     Kernel32:KERNEL32.dll
 0004:00000034       __imp__LocalFree@4         0040a034     Kernel32:KERNEL32.dll
 0004:00000038       __imp__PeekConsoleInputA@16 0040a038     Kernel32:KERNEL32.dll
 0004:0000003c       __imp__ReadConsoleA@20     0040a03c     Kernel32:KERNEL32.dll
 0004:00000040       __imp__ReadConsoleInputA@16 0040a040     Kernel32:KERNEL32.dll
 0004:00000044       __imp__ReadFile@20         0040a044     Kernel32:KERNEL32.dll
 0004:00000048       __imp__SetConsoleCursorPosition@8 0040a048     Kernel32:KERNEL32.dll
 0004:0000004c       __imp__SetConsoleMode@8    0040a04c     Kernel32:KERNEL32.dll
 0004:00000050       __imp__SetConsoleTextAttribute@8 0040a050     Kernel32:KERNEL32.dll
 0004:00000054       __imp__Sleep@4             0040a054     Kernel32:KERNEL32.dll
 0004:00000058       __imp__SystemTimeToFileTime@8 0040a058     Kernel32:KERNEL32.dll
 0004:0000005c       __imp__WriteConsoleA@20    0040a05c     Kernel32:KERNEL32.dll
 0004:00000060       __imp__WriteConsoleOutputCharacterA@20 0040a060     Kernel32:KERNEL32.dll
 0004:00000064       __imp__WriteConsoleOutputAttribute@20 0040a064     Kernel32:KERNEL32.dll
 0004:00000068       __imp__WriteFile@20        0040a068     Kernel32:KERNEL32.dll
 0004:0000006c       \177KERNEL32_NULL_THUNK_DATA 0040a06c     Kernel32:KERNEL32.dll
 0004:000000ac       __imp__MessageBoxA@16      0040a0ac     User32:USER32.dll
 0004:000000b0       \177USER32_NULL_THUNK_DATA 0040a0b0     User32:USER32.dll
 0004:000000dc       __IMPORT_DESCRIPTOR_KERNEL32 0040a0dc     Kernel32:KERNEL32.dll
 0004:000000f0       __IMPORT_DESCRIPTOR_USER32 0040a0f0     User32:USER32.dll
 0004:00000104       __NULL_IMPORT_DESCRIPTOR   0040a104     Kernel32:KERNEL32.dll

 entry point at        0001:00000023

